
Running 1 test using 1 worker

[1A[2K[1/1] [chromium] ΓÇ║ tests\features_v1_to_v8_1.spec.ts:95:9 ΓÇ║ Full System Feature Coverage (v1 - v8.1) ΓÇ║ v1: Task Lifecycle (Create, Edit, Pin, Remark)
[1A[2K[chromium] ΓÇ║ tests\features_v1_to_v8_1.spec.ts:95:9 ΓÇ║ Full System Feature Coverage (v1 - v8.1) ΓÇ║ v1: Task Lifecycle (Create, Edit, Pin, Remark)
Navigating to login page...

[1A[2KCurrent URL: http://localhost:3001/

[1A[2KState Check: LoginVisible=false, DashboardVisible=true

[1A[2KAlready logged in.

[1A[2K  1) [chromium] ΓÇ║ tests\features_v1_to_v8_1.spec.ts:95:9 ΓÇ║ Full System Feature Coverage (v1 - v8.1) ΓÇ║ v1: Task Lifecycle (Create, Edit, Pin, Remark) 

    Error: [2mexpect([22m[31mlocator[39m[2m).[22mtoBeVisible[2m([22m[2m)[22m failed

    Locator: getByText('Task v1-voafcc')
    Expected: visible
    Error: strict mode violation: getByText('Task v1-voafcc') resolved to 2 elements:
        1) <a href="/task/23c58525-d799-4377-b2a9-9d5b325434bc" data-testid="task-open-23c58525-d799-4377-b2a9-9d5b325434bc">Task v1-voafcc</a> aka getByTestId('task-open-23c58525-d799-4377-b2a9-9d5b325434bc')
        2) <div class="jsx-c7f184f35542a377">Task: Task v1-voafcc</div> aka getByText('Task: Task v1-voafcc')

    Call log:
    [2m  - Expect "toBeVisible" with timeout 5000ms[22m
    [2m  - waiting for getByText('Task v1-voafcc')[22m


      105 |         await page.getByTestId('task-save').click();
      106 |
    > 107 |         await expect(page.getByText(title)).toBeVisible();
          |                                             ^
      108 |
      109 |         // Pin
      110 |         // Find row by title and then find the pin button inside it
        at C:\todo-docker\tests\features_v1_to_v8_1.spec.ts:107:45

    attachment #1: screenshot (image/png) ΓöÇΓöÇΓöÇΓöÇΓöÇΓöÇΓöÇΓöÇΓöÇΓöÇΓöÇΓöÇΓöÇΓöÇΓöÇΓöÇΓöÇΓöÇΓöÇΓöÇΓöÇΓöÇΓöÇΓöÇΓöÇΓöÇΓöÇΓöÇΓöÇΓöÇΓöÇΓöÇΓöÇΓöÇΓöÇΓöÇΓöÇΓöÇΓöÇΓöÇΓöÇΓöÇΓöÇΓöÇΓöÇΓöÇΓöÇΓöÇΓöÇΓöÇΓöÇΓöÇΓöÇΓöÇΓöÇΓöÇΓöÇΓöÇ
    test-results\features_v1_to_v8_1-Full-S-bccef-cle-Create-Edit-Pin-Remark--chromium\test-failed-1.png
    ΓöÇΓöÇΓöÇΓöÇΓöÇΓöÇΓöÇΓöÇΓöÇΓöÇΓöÇΓöÇΓöÇΓöÇΓöÇΓöÇΓöÇΓöÇΓöÇΓöÇΓöÇΓöÇΓöÇΓöÇΓöÇΓöÇΓöÇΓöÇΓöÇΓöÇΓöÇΓöÇΓöÇΓöÇΓöÇΓöÇΓöÇΓöÇΓöÇΓöÇΓöÇΓöÇΓöÇΓöÇΓöÇΓöÇΓöÇΓöÇΓöÇΓöÇΓöÇΓöÇΓöÇΓöÇΓöÇΓöÇΓöÇΓöÇΓöÇΓöÇΓöÇΓöÇΓöÇΓöÇΓöÇΓöÇΓöÇΓöÇΓöÇΓöÇΓöÇΓöÇΓöÇΓöÇΓöÇΓöÇΓöÇΓöÇΓöÇΓöÇΓöÇΓöÇΓöÇΓöÇΓöÇΓöÇΓöÇΓöÇΓöÇΓöÇΓöÇΓöÇΓöÇΓöÇΓöÇΓöÇ

    Error Context: test-results\features_v1_to_v8_1-Full-S-bccef-cle-Create-Edit-Pin-Remark--chromium\error-context.md


[1A[2K  1 failed
    [chromium] ΓÇ║ tests\features_v1_to_v8_1.spec.ts:95:9 ΓÇ║ Full System Feature Coverage (v1 - v8.1) ΓÇ║ v1: Task Lifecycle (Create, Edit, Pin, Remark) 
